---
source: src/lexer.rs
expression: output
---
- lexeme: int
  category: KeywordTypeInt
- lexeme: main
  category: KeywordMain
- lexeme: (
  category: PuncLeftParen
- lexeme: )
  category: PuncRightParen
- lexeme: "{"
  category: PuncLeftBrace
- lexeme: return
  category: KeywordReturn
- lexeme: "0"
  category: LiteralInt
- lexeme: ;
  category: PuncSemiColon
- lexeme: "}"
  category: PuncRightBrace

